23:32:00 **** Incremental Build of configuration Debug for project LAB4 ****
make -j12 all 
arm-none-eabi-gcc "../Core/Src/main.c" -mcpu=cortex-m3 -std=gnu11 -g3 -DDEBUG -DUSE_HAL_DRIVER -DSTM32F103x6 -c -I../Core/Inc -I../Drivers/STM32F1xx_HAL_Driver/Inc -I../Drivers/STM32F1xx_HAL_Driver/Inc/Legacy -I../Drivers/CMSIS/Device/ST/STM32F1xx/Include -I../Drivers/CMSIS/Include -O0 -ffunction-sections -fdata-sections -Wall -fstack-usage -MMD -MP -MF"Core/Src/main.d" -MT"Core/Src/main.o" --specs=nano.specs -mfloat-abi=soft -mthumb -o "Core/Src/main.o"
arm-none-eabi-gcc -o "LAB4.elf" @"objects.list"   -mcpu=cortex-m3 -T"D:\TAI_LIEU\HK_7\MicronProcessor_MicroController\Lab\MCU_MPU\Microcontroller-Microprocessor\LAB4-main\LAB4-main\STM32F103C6UX_FLASH.ld" --specs=nosys.specs -Wl,-Map="LAB4.map" -Wl,--gc-sections -static --specs=nano.specs -mfloat-abi=soft -mthumb -Wl,--start-group -lc -lm -Wl,--end-group
Finished building target: LAB4.elf
 
arm-none-eabi-size   LAB4.elf 
arm-none-eabi-objdump -h -S  LAB4.elf  > "LAB4.list"
   text	   data	    bss	    dec	    hex	filename
   8612	     24	   2488	  11124	   2b74	LAB4.elf
arm-none-eabi-objcopy  -O ihex  LAB4.elf  "LAB4.hex"
Finished building: default.size.stdout
arm-none-eabi-objcopy  -O binary  LAB4.elf  "LAB4.bin"
 
Finished building: LAB4.hex
Finished building: LAB4.bin
Finished building: LAB4.list
 
 
 

23:32:01 Build Finished. 0 errors, 0 warnings. (took 721ms)

